#-----------------------------------------------------------
# Vivado v2022.2 (64-bit)
# SW Build 3671981 on Fri Oct 14 05:00:03 MDT 2022
# IP Build 3669848 on Fri Oct 14 08:30:02 MDT 2022
# Start of session at: Wed Apr  3 17:12:34 2024
# Process ID: 5812
# Current directory: E:/Verilog/Problema1_CV_PASSWORD_CHECK
# Command line: vivado.exe -gui_launcher_event rodinguilauncherevent13004 E:\Verilog\Problema1_CV_PASSWORD_CHECK\Problema1_CV_PASSWORD_CHECK.xpr
# Log file: E:/Verilog/Problema1_CV_PASSWORD_CHECK/vivado.log
# Journal file: E:/Verilog/Problema1_CV_PASSWORD_CHECK\vivado.jou
# Running On: DESKTOP-NHVLCUB, OS: Windows, CPU Frequency: 3000 MHz, CPU Physical cores: 4, Host memory: 12825 MB
#-----------------------------------------------------------
start_gui
open_project E:/Verilog/Problema1_CV_PASSWORD_CHECK/Problema1_CV_PASSWORD_CHECK.xpr
update_compile_order -fileset sources_1
launch_simulation
source SIM.tcl
relaunch_sim
synth_design -rtl -rtl_skip_mlo -name rtl_1
relaunch_sim
relaunch_sim
relaunch_sim
relaunch_sim
relaunch_sim
relaunch_sim
relaunch_sim
relaunch_sim
relaunch_sim
relaunch_sim
relaunch_sim
relaunch_sim
save_wave_config {E:/Verilog/Problema1_CV_PASSWORD_CHECK/SIM_behav.wcfg}
add_files -fileset sim_1 -norecurse E:/Verilog/Problema1_CV_PASSWORD_CHECK/SIM_behav.wcfg
set_property xsim.view E:/Verilog/Problema1_CV_PASSWORD_CHECK/SIM_behav.wcfg [get_filesets sim_1]
archive_project E:/Verilog/Problema1_CV_PASSWORD_CHECK.xpr.zip -temp_dir E:/Verilog/Problema1_CV_PASSWORD_CHECK/.Xil/Vivado-5812-DESKTOP-NHVLCUB -force -include_local_ip_cache
